// Jest Snapshot v1, https://goo.gl/fbAQLP

exports[`MyTitle View Check snapshot for unexpected changes 1`] = `
<h1
  className="title"
  style={
    Object {
      "color": "red",
    }
  }
/>
`;
